---
source: crates/cli/tests/snapshots.rs
---
$ w 3 coffees a day for a year in grams of caffeine

  ◆ interpretation
  │ 3 × coffee(94.8 mg caffeine) / d × 1 yr  →  g of caffeine

  ◆ result
  │ 103.9 g

  ◆ other units
  │ 0.1039 kg  ·  3.664 oz

  ◆ for scale
  │ ≈ 2.1 eggs
  │ ≈ 42 US pennies

  ─────────────────────────────────────────────────────── W74
