---
source: crates/cli/tests/sessions.rs
---
W› a = 2
  2

W› a * 3
  6

W› :clear
  cleared

W› :vars
  ◆ variables
  │ nothing defined yet; try rent = 2400 USD/month

W› it
  ◆ no previous answer
  │ it
  │ ^^ nothing has been calculated yet

W› a * 3
  ◆ can't read this
  │ a * 3
  │   ^ expected a unit
