---
source: crates/cli/tests/snapshots.rs
---
$ w --why coffee.caffeine

  ◆ interpretation
  │ caffeine of coffee

  ◆ result
  │ 94.8 mg

  ◆ other units
  │ 0.0948 g
  │ 0.003344 oz
  │ 9.48×10⁻⁵ kg

  ◆ sources
  │ coffee · caffeine  USDA FoodData
  │   Central, SR Legacy, FDC 171890
  │   'Beverages, coffee, brewed,
  │   prepared with tap water': portion
  │   'cup (8 fl oz)' = 237 g; nutrients
  │   scaled from per-100 g values

  ────────────────────────────────── W74
