---
source: crates/cli/tests/snapshots.rs
---
$ w --why mars.gravity

  ◆ interpretation
  │ gravity of Mars

  ◆ result
  │ 3.73 m/s²

  ◆ other units
  │ 12.24 ft/s²

  ◆ sources
  │ Mars · gravity  NASA NSSDCA Mars Fact Sheet
  │   (nssdc.gsfc.nasa.gov/planetary/factsheet/marsfact.html), updated 19 May
  │   2025

  ─────────────────────────────────────────────────────────────────────── W74
